<html>
<body>
<pre>
<h1>µVision Build Log</h1>
<h2>Tool Versions:</h2>
IDE-Version: ¦ÌVision V5.34.0.0
Copyright (C) 2021 ARM Ltd and ARM Germany GmbH. All rights reserved.
License Information: 11 lin.qi, 11, LIC=03C6R-K21D0-Y8NFK-ZT667-SB4K6-DMEQ0
 
Tool Versions:
Toolchain:       MDK-ARM Plus  Version: 5.34.0.0
Toolchain Path:  C:\Keil_v5\ARM\ARMCC\Bin
C Compiler:      Armcc.exe V5.06 update 7 (build 960)
Assembler:       Armasm.exe V5.06 update 7 (build 960)
Linker/Locator:  ArmLink.exe V5.06 update 7 (build 960)
Library Manager: ArmAr.exe V5.06 update 7 (build 960)
Hex Converter:   FromElf.exe V5.06 update 7 (build 960)
CPU DLL:         SARMCM3.DLL V5.34.0.0
Dialog DLL:      DCM.DLL V1.17.3.0
Target DLL:      CMSIS_AGDI.dll V1.32.13.0
Dialog DLL:      TCM.DLL V1.48.0.0
 
<h2>Project:</h2>
C:\Users\lin.qi\Desktop\GCC\Nations.N32H47x_48x_Library.0.8.0 - 0411\projects\n32h47x_48x_EVAL\examples\GPIO\LedBlink\MDK-ARM\LedBlink.uvprojx
Project File Date:  04/29/2024

<h2>Output:</h2>
*** Using Compiler 'V5.06 update 7 (build 960)', folder: 'C:\Keil_v5\ARM\ARMCC\Bin'
Build target 'N32H487'
assembling startup_n32h487.s...
compiling main.c...
compiling system_n32h47x_48x.c...
compiling misc.c...
compiling n32h47x_48x_it.c...
compiling n32h47x_48x_gpio.c...
compiling n32h47x_48x_rcc.c...
linking...
Program Size: Code=1280 RO-data=568 RW-data=4 ZI-data=4100  
FromELF: creating hex file...
".\Objects\LedBlink.axf" - 0 Error(s), 0 Warning(s).

<h2>Software Packages used:</h2>

Package Vendor: Nationstech
                http://www.keil.com/pack/Nationstech.N32H48x_DFP.0.8.0.pack
                Nationstech.N32H48x_DFP.0.8.0
                Nationstech N32H48x Series Device Support, Drivers and Examples

<h2>Collection of Component include folders:</h2>
  C:\Users\lin.qi\AppData\Local\Arm\Packs\Nationstech\N32H48x_DFP\0.8.0\firmware\CMSIS\device

<h2>Collection of Component Files used:</h2>
Build Time Elapsed:  00:00:03
</pre>
</body>
</html>
