Component: ARM Compiler 5.06 update 7 (build 960) Tool: armlink [4d3601]

==============================================================================

Section Cross References

    startup_n32h487.o(RESET) refers to startup_n32h487.o(STACK) for __initial_sp
    startup_n32h487.o(RESET) refers to startup_n32h487.o(.text) for Reset_Handler
    startup_n32h487.o(RESET) refers to n32h47x_48x_it.o(i.NMI_Handler) for NMI_Handler
    startup_n32h487.o(RESET) refers to n32h47x_48x_it.o(i.HardFault_Handler) for HardFault_Handler
    startup_n32h487.o(RESET) refers to n32h47x_48x_it.o(i.MemManage_Handler) for MemManage_Handler
    startup_n32h487.o(RESET) refers to n32h47x_48x_it.o(i.BusFault_Handler) for BusFault_Handler
    startup_n32h487.o(RESET) refers to n32h47x_48x_it.o(i.UsageFault_Handler) for UsageFault_Handler
    startup_n32h487.o(RESET) refers to n32h47x_48x_it.o(i.SVC_Handler) for SVC_Handler
    startup_n32h487.o(RESET) refers to n32h47x_48x_it.o(i.DebugMon_Handler) for DebugMon_Handler
    startup_n32h487.o(RESET) refers to n32h47x_48x_it.o(i.SysTick_Handler) for SysTick_Handler
    startup_n32h487.o(.text) refers to system_n32h47x_48x.o(i.SystemInit) for SystemInit
    startup_n32h487.o(.text) refers to entry.o(.ARM.Collect$$$$00000000) for __main
    system_n32h47x_48x.o(i.SystemCoreClockUpdate) refers to system_n32h47x_48x.o(.data) for SystemCoreClock
    system_n32h47x_48x.o(i.SystemInit) refers to system_n32h47x_48x.o(i.SetSysClock) for SetSysClock
    system_n32h47x_48x.o(i.SystemInit) refers to system_n32h47x_48x.o(i.SetStartupVolt) for SetStartupVolt
    n32h47x_48x_gpio.o(i.GPIO_AFIOInitDefault) refers to n32h47x_48x_rcc.o(i.RCC_EnableAPB2PeriphReset) for RCC_EnableAPB2PeriphReset
    n32h47x_48x_gpio.o(i.GPIO_DeInit) refers to n32h47x_48x_rcc.o(i.RCC_EnableAHBPeriphReset) for RCC_EnableAHBPeriphReset
    n32h47x_48x_rcc.o(i.RCC_ConfigSHRTPll) refers to n32h47x_48x_rcc.o(i.RCC_EnableAHBPeriphReset) for RCC_EnableAHBPeriphReset
    n32h47x_48x_rcc.o(i.RCC_ConfigSHRTPll) refers to uldiv.o(.text) for __aeabi_uldivmod
    n32h47x_48x_rcc.o(i.RCC_ConfigSHRTPll) refers to dfltul.o(.text) for __aeabi_ul2d
    n32h47x_48x_rcc.o(i.RCC_ConfigSHRTPll) refers to floor.o(i.__hardfp_floor) for __hardfp_floor
    n32h47x_48x_rcc.o(i.RCC_ConfigSHRTPll) refers to dfixui.o(.text) for __aeabi_d2uiz
    n32h47x_48x_rcc.o(i.RCC_ConfigSHRTPll) refers to dfltui.o(.text) for __aeabi_ui2d
    n32h47x_48x_rcc.o(i.RCC_GetClocksFreqValue) refers to uldiv.o(.text) for __aeabi_uldivmod
    n32h47x_48x_rcc.o(i.RCC_GetClocksFreqValue) refers to n32h47x_48x_rcc.o(.constdata) for .constdata
    n32h47x_48x_rcc.o(i.RCC_WaitHseStable) refers to n32h47x_48x_rcc.o(i.RCC_GetClocksFreqValue) for RCC_GetClocksFreqValue
    n32h47x_48x_rcc.o(i.RCC_WaitHseStable) refers to n32h47x_48x_rcc.o(i.RCC_GetFlagStatus) for RCC_GetFlagStatus
    n32h47x_48x_rcc.o(i.RCC_WaitHsiStable) refers to n32h47x_48x_rcc.o(i.RCC_GetClocksFreqValue) for RCC_GetClocksFreqValue
    n32h47x_48x_rcc.o(i.RCC_WaitHsiStable) refers to n32h47x_48x_rcc.o(i.RCC_GetFlagStatus) for RCC_GetFlagStatus
    n32h47x_48x_rcc.o(i.RCC_WaitLseStable) refers to n32h47x_48x_rcc.o(i.RCC_GetClocksFreqValue) for RCC_GetClocksFreqValue
    n32h47x_48x_rcc.o(i.RCC_WaitLseStable) refers to n32h47x_48x_rcc.o(i.RCC_GetFlagStatus) for RCC_GetFlagStatus
    n32h47x_48x_rcc.o(i.RCC_WaitLsiStable) refers to n32h47x_48x_rcc.o(i.RCC_GetClocksFreqValue) for RCC_GetClocksFreqValue
    n32h47x_48x_rcc.o(i.RCC_WaitLsiStable) refers to n32h47x_48x_rcc.o(i.RCC_GetFlagStatus) for RCC_GetFlagStatus
    main.o(i.LED_Blink) refers to n32h47x_48x_gpio.o(i.GPIO_TogglePin) for GPIO_TogglePin
    main.o(i.LED_Init) refers to n32h47x_48x_rcc.o(i.RCC_EnableAHB1PeriphClk) for RCC_EnableAHB1PeriphClk
    main.o(i.LED_Init) refers to n32h47x_48x_gpio.o(i.GPIO_InitPeripheral) for GPIO_InitPeripheral
    main.o(i.LED_Off) refers to n32h47x_48x_gpio.o(i.GPIO_ResetBits) for GPIO_ResetBits
    main.o(i.LED_On) refers to n32h47x_48x_gpio.o(i.GPIO_SetBits) for GPIO_SetBits
    main.o(i.main) refers to main.o(i.LED_Init) for LED_Init
    main.o(i.main) refers to main.o(i.LED_Blink) for LED_Blink
    main.o(i.main) refers to main.o(i.Delay) for Delay
    main.o(i.main) refers to n32h47x_48x_rcc.o(i.RCC_EnableAPB2PeriphClk) for RCC_EnableAPB2PeriphClk
    main.o(i.main) refers to n32h47x_48x_gpio.o(i.GPIO_ConfigPinRemap) for GPIO_ConfigPinRemap
    main.o(i.main) refers to main.o(i.LED_Off) for LED_Off
    main.o(i.main) refers to main.o(i.LED_On) for LED_On
    main.o(i.main) refers to system_n32h47x_48x.o(.data) for SystemCoreClock
    floor.o(i.__hardfp_floor) refers (Special) to iusefp.o(.text) for __I$use$fp
    floor.o(i.__hardfp_floor) refers to dadd.o(.text) for __aeabi_dadd
    floor.o(i.__hardfp_floor) refers to cdrcmple.o(.text) for __aeabi_cdrcmple
    floor.o(i.__softfp_floor) refers (Special) to iusefp.o(.text) for __I$use$fp
    floor.o(i.__softfp_floor) refers to floor.o(i.__hardfp_floor) for __hardfp_floor
    floor.o(i.floor) refers (Special) to iusefp.o(.text) for __I$use$fp
    floor.o(i.floor) refers to floor.o(i.__hardfp_floor) for __hardfp_floor
    entry.o(.ARM.Collect$$$$00000000) refers (Special) to entry10a.o(.ARM.Collect$$$$0000000F) for __rt_final_cpp
    entry.o(.ARM.Collect$$$$00000000) refers (Special) to entry11a.o(.ARM.Collect$$$$00000011) for __rt_final_exit
    entry.o(.ARM.Collect$$$$00000000) refers (Special) to entry12b.o(.ARM.Collect$$$$0000000E) for __rt_lib_shutdown_fini
    entry.o(.ARM.Collect$$$$00000000) refers (Special) to entry7b.o(.ARM.Collect$$$$00000008) for _main_clock
    entry.o(.ARM.Collect$$$$00000000) refers (Special) to entry8b.o(.ARM.Collect$$$$0000000A) for _main_cpp_init
    entry.o(.ARM.Collect$$$$00000000) refers (Special) to entry9a.o(.ARM.Collect$$$$0000000B) for _main_init
    entry.o(.ARM.Collect$$$$00000000) refers (Special) to entry5.o(.ARM.Collect$$$$00000004) for _main_scatterload
    entry.o(.ARM.Collect$$$$00000000) refers (Special) to entry2.o(.ARM.Collect$$$$00000001) for _main_stk
    uldiv.o(.text) refers to llushr.o(.text) for __aeabi_llsr
    uldiv.o(.text) refers to llshl.o(.text) for __aeabi_llsl
    dfltui.o(.text) refers (Special) to iusefp.o(.text) for __I$use$fp
    dfltui.o(.text) refers to depilogue.o(.text) for _double_epilogue
    dfltul.o(.text) refers (Special) to iusefp.o(.text) for __I$use$fp
    dfltul.o(.text) refers to depilogue.o(.text) for _double_epilogue
    dfixui.o(.text) refers (Special) to iusefp.o(.text) for __I$use$fp
    dfixui.o(.text) refers to llushr.o(.text) for __aeabi_llsr
    entry2.o(.ARM.Collect$$$$00000001) refers to entry2.o(.ARM.Collect$$$$00002712) for __lit__00000000
    entry2.o(.ARM.Collect$$$$00002712) refers to startup_n32h487.o(STACK) for __initial_sp
    entry2.o(__vectab_stack_and_reset_area) refers to startup_n32h487.o(STACK) for __initial_sp
    entry2.o(__vectab_stack_and_reset_area) refers to entry.o(.ARM.Collect$$$$00000000) for __main
    entry5.o(.ARM.Collect$$$$00000004) refers to init.o(.text) for __scatterload
    entry9a.o(.ARM.Collect$$$$0000000B) refers to main.o(i.main) for main
    entry9b.o(.ARM.Collect$$$$0000000C) refers to main.o(i.main) for main
    depilogue.o(.text) refers to llshl.o(.text) for __aeabi_llsl
    depilogue.o(.text) refers to llushr.o(.text) for __aeabi_llsr
    dadd.o(.text) refers to llshl.o(.text) for __aeabi_llsl
    dadd.o(.text) refers to llsshr.o(.text) for __aeabi_lasr
    dadd.o(.text) refers to depilogue.o(.text) for _double_epilogue
    init.o(.text) refers to entry5.o(.ARM.Collect$$$$00000004) for __main_after_scatterload


==============================================================================

Removing Unused input sections from the image.

    Removing startup_n32h487.o(HEAP), (512 bytes).
    Removing system_n32h47x_48x.o(.rev16_text), (4 bytes).
    Removing system_n32h47x_48x.o(.revsh_text), (4 bytes).
    Removing system_n32h47x_48x.o(.rrx_text), (6 bytes).
    Removing system_n32h47x_48x.o(i.SystemCoreClockUpdate), (216 bytes).
    Removing n32h47x_48x_gpio.o(.rev16_text), (4 bytes).
    Removing n32h47x_48x_gpio.o(.revsh_text), (4 bytes).
    Removing n32h47x_48x_gpio.o(.rrx_text), (6 bytes).
    Removing n32h47x_48x_gpio.o(i.AFIO_ConfigIOFilter), (40 bytes).
    Removing n32h47x_48x_gpio.o(i.AFIO_ConfigPinFilter), (56 bytes).
    Removing n32h47x_48x_gpio.o(i.AFIO_ConfigPinTol5V), (56 bytes).
    Removing n32h47x_48x_gpio.o(i.AFIO_Config_EMC_Funtion), (32 bytes).
    Removing n32h47x_48x_gpio.o(i.AFIO_Config_ETH_Mode), (32 bytes).
    Removing n32h47x_48x_gpio.o(i.AFIO_Config_EXTI_Filter), (32 bytes).
    Removing n32h47x_48x_gpio.o(i.AFIO_Config_FEMC_NADV_Pin), (32 bytes).
    Removing n32h47x_48x_gpio.o(i.AFIO_Config_GPIOC_ReadRegDelay), (36 bytes).
    Removing n32h47x_48x_gpio.o(i.AFIO_Config_SHRTIM_EXEV_Pin), (44 bytes).
    Removing n32h47x_48x_gpio.o(i.AFIO_Config_SPI_NSS_Mode), (28 bytes).
    Removing n32h47x_48x_gpio.o(i.AFIO_Config_XSPI_BigEndian_Read), (36 bytes).
    Removing n32h47x_48x_gpio.o(i.AFIO_Config_XSPI_BigEndian_Write), (36 bytes).
    Removing n32h47x_48x_gpio.o(i.AFIO_Config_XSPI_DualQuadMode), (32 bytes).
    Removing n32h47x_48x_gpio.o(i.AFIO_Config_XSPI_HalfDuplexMode), (32 bytes).
    Removing n32h47x_48x_gpio.o(i.AFIO_Config_XSPI_NSS_HighTime), (20 bytes).
    Removing n32h47x_48x_gpio.o(i.AFIO_Config_XSPI_NSS_Input), (44 bytes).
    Removing n32h47x_48x_gpio.o(i.AFIO_Config_XSPI_RXDS_SampleDelay), (20 bytes).
    Removing n32h47x_48x_gpio.o(i.AFIO_Config_XSPI_TimeExtension), (20 bytes).
    Removing n32h47x_48x_gpio.o(i.AFIO_Config_XSPI_XIP_BigEndian), (36 bytes).
    Removing n32h47x_48x_gpio.o(i.AFIO_Get_EMC_Cnt), (16 bytes).
    Removing n32h47x_48x_gpio.o(i.AFIO_Set_EMC_Cnt), (20 bytes).
    Removing n32h47x_48x_gpio.o(i.GPIO_AFIOInitDefault), (10 bytes).
    Removing n32h47x_48x_gpio.o(i.GPIO_ConfigEXTILine), (44 bytes).
    Removing n32h47x_48x_gpio.o(i.GPIO_ConfigPinLock), (34 bytes).
    Removing n32h47x_48x_gpio.o(i.GPIO_DeInit), (164 bytes).
    Removing n32h47x_48x_gpio.o(i.GPIO_DeInitPin), (572 bytes).
    Removing n32h47x_48x_gpio.o(i.GPIO_InitStruct), (18 bytes).
    Removing n32h47x_48x_gpio.o(i.GPIO_ReadInputData), (8 bytes).
    Removing n32h47x_48x_gpio.o(i.GPIO_ReadInputDataBit), (16 bytes).
    Removing n32h47x_48x_gpio.o(i.GPIO_ReadOutputData), (8 bytes).
    Removing n32h47x_48x_gpio.o(i.GPIO_ReadOutputDataBit), (16 bytes).
    Removing n32h47x_48x_gpio.o(i.GPIO_Write), (4 bytes).
    Removing n32h47x_48x_gpio.o(i.GPIO_WriteBits), (10 bytes).
    Removing n32h47x_48x_rcc.o(.rev16_text), (4 bytes).
    Removing n32h47x_48x_rcc.o(.revsh_text), (4 bytes).
    Removing n32h47x_48x_rcc.o(.rrx_text), (6 bytes).
    Removing n32h47x_48x_rcc.o(i.RCC_ClearResetFlag), (28 bytes).
    Removing n32h47x_48x_rcc.o(i.RCC_ClrIntPendingBit), (16 bytes).
    Removing n32h47x_48x_rcc.o(i.RCC_ConfigATimClk), (20 bytes).
    Removing n32h47x_48x_rcc.o(i.RCC_ConfigAdc1mClk), (28 bytes).
    Removing n32h47x_48x_rcc.o(i.RCC_ConfigAdcHclk), (20 bytes).
    Removing n32h47x_48x_rcc.o(i.RCC_ConfigAdcPllClk), (32 bytes).
    Removing n32h47x_48x_rcc.o(i.RCC_ConfigFDCANClksrc), (20 bytes).
    Removing n32h47x_48x_rcc.o(i.RCC_ConfigFDCANPllClk), (20 bytes).
    Removing n32h47x_48x_rcc.o(i.RCC_ConfigGTimClk), (20 bytes).
    Removing n32h47x_48x_rcc.o(i.RCC_ConfigHclk), (20 bytes).
    Removing n32h47x_48x_rcc.o(i.RCC_ConfigHse), (44 bytes).
    Removing n32h47x_48x_rcc.o(i.RCC_ConfigI2S2Clk), (20 bytes).
    Removing n32h47x_48x_rcc.o(i.RCC_ConfigI2S3Clk), (20 bytes).
    Removing n32h47x_48x_rcc.o(i.RCC_ConfigInt), (72 bytes).
    Removing n32h47x_48x_rcc.o(i.RCC_ConfigLPTIM1Clk), (20 bytes).
    Removing n32h47x_48x_rcc.o(i.RCC_ConfigLPTIM2Clk), (24 bytes).
    Removing n32h47x_48x_rcc.o(i.RCC_ConfigLse), (44 bytes).
    Removing n32h47x_48x_rcc.o(i.RCC_ConfigMco1), (52 bytes).
    Removing n32h47x_48x_rcc.o(i.RCC_ConfigMco2), (52 bytes).
    Removing n32h47x_48x_rcc.o(i.RCC_ConfigMcoClkPre), (20 bytes).
    Removing n32h47x_48x_rcc.o(i.RCC_ConfigPclk1), (20 bytes).
    Removing n32h47x_48x_rcc.o(i.RCC_ConfigPclk2), (24 bytes).
    Removing n32h47x_48x_rcc.o(i.RCC_ConfigPll), (88 bytes).
    Removing n32h47x_48x_rcc.o(i.RCC_ConfigRemapMode), (28 bytes).
    Removing n32h47x_48x_rcc.o(i.RCC_ConfigRngcClk), (20 bytes).
    Removing n32h47x_48x_rcc.o(i.RCC_ConfigRtcClk), (20 bytes).
    Removing n32h47x_48x_rcc.o(i.RCC_ConfigSHRTPll), (704 bytes).
    Removing n32h47x_48x_rcc.o(i.RCC_ConfigSysclk), (52 bytes).
    Removing n32h47x_48x_rcc.o(i.RCC_ConfigTraceClk), (20 bytes).
    Removing n32h47x_48x_rcc.o(i.RCC_ConfigTrng1mClk), (28 bytes).
    Removing n32h47x_48x_rcc.o(i.RCC_ConfigUSBFSClk), (20 bytes).
    Removing n32h47x_48x_rcc.o(i.RCC_ConfigUSBHSBandwidth), (28 bytes).
    Removing n32h47x_48x_rcc.o(i.RCC_ConfigUSBHSClk), (28 bytes).
    Removing n32h47x_48x_rcc.o(i.RCC_ConfigUSBHSFrequency), (28 bytes).
    Removing n32h47x_48x_rcc.o(i.RCC_ConfigUSBPLLPresClk), (28 bytes).
    Removing n32h47x_48x_rcc.o(i.RCC_DeInit), (88 bytes).
    Removing n32h47x_48x_rcc.o(i.RCC_EnableAHBPeriphClk), (32 bytes).
    Removing n32h47x_48x_rcc.o(i.RCC_EnableAHBPeriphReset), (128 bytes).
    Removing n32h47x_48x_rcc.o(i.RCC_EnableAPB1PeriphClk), (32 bytes).
    Removing n32h47x_48x_rcc.o(i.RCC_EnableAPB1PeriphReset), (24 bytes).
    Removing n32h47x_48x_rcc.o(i.RCC_EnableAPB2PeriphReset), (24 bytes).
    Removing n32h47x_48x_rcc.o(i.RCC_EnableBORReset), (36 bytes).
    Removing n32h47x_48x_rcc.o(i.RCC_EnableBackupReset), (28 bytes).
    Removing n32h47x_48x_rcc.o(i.RCC_EnableFDCANOffRequest), (32 bytes).
    Removing n32h47x_48x_rcc.o(i.RCC_EnableHSECSSChk), (32 bytes).
    Removing n32h47x_48x_rcc.o(i.RCC_EnableHSEClockSecuritySystem), (36 bytes).
    Removing n32h47x_48x_rcc.o(i.RCC_EnableHSIClockSecuritySystem), (36 bytes).
    Removing n32h47x_48x_rcc.o(i.RCC_EnableHsi), (36 bytes).
    Removing n32h47x_48x_rcc.o(i.RCC_EnableLPTIMPeriphClk), (32 bytes).
    Removing n32h47x_48x_rcc.o(i.RCC_EnableLPTIMPeriphReset), (24 bytes).
    Removing n32h47x_48x_rcc.o(i.RCC_EnableLSEClockSecuritySystem), (36 bytes).
    Removing n32h47x_48x_rcc.o(i.RCC_EnableLsi), (36 bytes).
    Removing n32h47x_48x_rcc.o(i.RCC_EnablePll), (36 bytes).
    Removing n32h47x_48x_rcc.o(i.RCC_EnableRemap), (28 bytes).
    Removing n32h47x_48x_rcc.o(i.RCC_EnableRtcClk), (36 bytes).
    Removing n32h47x_48x_rcc.o(i.RCC_EnableSHRTPLLPHAReset), (36 bytes).
    Removing n32h47x_48x_rcc.o(i.RCC_EnableTrng1mClk), (36 bytes).
    Removing n32h47x_48x_rcc.o(i.RCC_GetClocksFreqValue), (536 bytes).
    Removing n32h47x_48x_rcc.o(i.RCC_GetFlagStatus), (92 bytes).
    Removing n32h47x_48x_rcc.o(i.RCC_GetHSECSSStatus), (24 bytes).
    Removing n32h47x_48x_rcc.o(i.RCC_GetIntStatus), (24 bytes).
    Removing n32h47x_48x_rcc.o(i.RCC_GetSysclkSrc), (16 bytes).
    Removing n32h47x_48x_rcc.o(i.RCC_SetHSECSSFrequencyHighLimit), (24 bytes).
    Removing n32h47x_48x_rcc.o(i.RCC_SetHSECSSFrequencyLowLimit), (20 bytes).
    Removing n32h47x_48x_rcc.o(i.RCC_SetHSECSSPhaseOffsetLimit), (24 bytes).
    Removing n32h47x_48x_rcc.o(i.RCC_SetHsiCalibValue), (24 bytes).
    Removing n32h47x_48x_rcc.o(i.RCC_WaitHseStable), (80 bytes).
    Removing n32h47x_48x_rcc.o(i.RCC_WaitHsiStable), (80 bytes).
    Removing n32h47x_48x_rcc.o(i.RCC_WaitLseStable), (80 bytes).
    Removing n32h47x_48x_rcc.o(i.RCC_WaitLsiStable), (80 bytes).
    Removing n32h47x_48x_rcc.o(.constdata), (16 bytes).
    Removing misc.o(.rev16_text), (4 bytes).
    Removing misc.o(.revsh_text), (4 bytes).
    Removing misc.o(.rrx_text), (6 bytes).
    Removing misc.o(i.NVIC_Init), (112 bytes).
    Removing misc.o(i.NVIC_PriorityGroupConfig), (20 bytes).
    Removing misc.o(i.NVIC_SetVectorTable), (20 bytes).
    Removing misc.o(i.NVIC_SystemLPConfig), (32 bytes).
    Removing misc.o(i.SysTick_CLKSourceConfig), (40 bytes).
    Removing main.o(.rev16_text), (4 bytes).
    Removing main.o(.revsh_text), (4 bytes).
    Removing main.o(.rrx_text), (6 bytes).
    Removing n32h47x_48x_it.o(.rev16_text), (4 bytes).
    Removing n32h47x_48x_it.o(.revsh_text), (4 bytes).
    Removing n32h47x_48x_it.o(.rrx_text), (6 bytes).
    Removing dfltui.o(.text), (26 bytes).
    Removing dfltul.o(.text), (24 bytes).
    Removing dfixui.o(.text), (50 bytes).
    Removing depilogue.o(.text), (186 bytes).
    Removing dadd.o(.text), (334 bytes).
    Removing cdrcmple.o(.text), (48 bytes).

135 unused section(s) (total 7020 bytes) removed from the image.

==============================================================================

Image Symbol Table

    Local Symbols

    Symbol Name                              Value     Ov Type        Size  Object(Section)

    ../clib/microlib/division.c              0x00000000   Number         0  uldiv.o ABSOLUTE
    ../clib/microlib/init/entry.s            0x00000000   Number         0  entry9b.o ABSOLUTE
    ../clib/microlib/init/entry.s            0x00000000   Number         0  entry12a.o ABSOLUTE
    ../clib/microlib/init/entry.s            0x00000000   Number         0  entry11b.o ABSOLUTE
    ../clib/microlib/init/entry.s            0x00000000   Number         0  entry12b.o ABSOLUTE
    ../clib/microlib/init/entry.s            0x00000000   Number         0  entry.o ABSOLUTE
    ../clib/microlib/init/entry.s            0x00000000   Number         0  entry11a.o ABSOLUTE
    ../clib/microlib/init/entry.s            0x00000000   Number         0  entry10b.o ABSOLUTE
    ../clib/microlib/init/entry.s            0x00000000   Number         0  entry10a.o ABSOLUTE
    ../clib/microlib/init/entry.s            0x00000000   Number         0  entry9a.o ABSOLUTE
    ../clib/microlib/init/entry.s            0x00000000   Number         0  entry8b.o ABSOLUTE
    ../clib/microlib/init/entry.s            0x00000000   Number         0  entry8a.o ABSOLUTE
    ../clib/microlib/init/entry.s            0x00000000   Number         0  entry2.o ABSOLUTE
    ../clib/microlib/init/entry.s            0x00000000   Number         0  entry7b.o ABSOLUTE
    ../clib/microlib/init/entry.s            0x00000000   Number         0  entry5.o ABSOLUTE
    ../clib/microlib/init/entry.s            0x00000000   Number         0  entry7a.o ABSOLUTE
    ../clib/microlib/longlong.c              0x00000000   Number         0  llshl.o ABSOLUTE
    ../clib/microlib/longlong.c              0x00000000   Number         0  llushr.o ABSOLUTE
    ../clib/microlib/longlong.c              0x00000000   Number         0  llsshr.o ABSOLUTE
    ../clib/microlib/stubs.s                 0x00000000   Number         0  iusefp.o ABSOLUTE
    ../fplib/microlib/fpadd.c                0x00000000   Number         0  dadd.o ABSOLUTE
    ../fplib/microlib/fpepilogue.c           0x00000000   Number         0  depilogue.o ABSOLUTE
    ../fplib/microlib/fpfix.c                0x00000000   Number         0  dfixui.o ABSOLUTE
    ../fplib/microlib/fpflt.c                0x00000000   Number         0  dfltui.o ABSOLUTE
    ../fplib/microlib/fpflt.c                0x00000000   Number         0  dfltul.o ABSOLUTE
    ../mathlib/floor.c                       0x00000000   Number         0  floor.o ABSOLUTE
    ..\..\..\..\..\..\firmware\CMSIS\device\startup\startup_n32h487.s 0x00000000   Number         0  startup_n32h487.o ABSOLUTE
    ..\..\..\..\..\..\firmware\CMSIS\device\system_n32h47x_48x.c 0x00000000   Number         0  system_n32h47x_48x.o ABSOLUTE
    ..\..\..\..\..\..\firmware\n32h47x_48x_std_periph_driver\src\misc.c 0x00000000   Number         0  misc.o ABSOLUTE
    ..\..\..\..\..\..\firmware\n32h47x_48x_std_periph_driver\src\n32h47x_48x_gpio.c 0x00000000   Number         0  n32h47x_48x_gpio.o ABSOLUTE
    ..\..\..\..\..\..\firmware\n32h47x_48x_std_periph_driver\src\n32h47x_48x_rcc.c 0x00000000   Number         0  n32h47x_48x_rcc.o ABSOLUTE
    ..\\..\\..\\..\\..\\..\\firmware\\CMSIS\\device\\system_n32h47x_48x.c 0x00000000   Number         0  system_n32h47x_48x.o ABSOLUTE
    ..\\..\\..\\..\\..\\..\\firmware\\n32h47x_48x_std_periph_driver\\src\\misc.c 0x00000000   Number         0  misc.o ABSOLUTE
    ..\\..\\..\\..\\..\\..\\firmware\\n32h47x_48x_std_periph_driver\\src\\n32h47x_48x_gpio.c 0x00000000   Number         0  n32h47x_48x_gpio.o ABSOLUTE
    ..\\..\\..\\..\\..\\..\\firmware\\n32h47x_48x_std_periph_driver\\src\\n32h47x_48x_rcc.c 0x00000000   Number         0  n32h47x_48x_rcc.o ABSOLUTE
    ..\\src\\main.c                          0x00000000   Number         0  main.o ABSOLUTE
    ..\\src\\n32h47x_48x_it.c                0x00000000   Number         0  n32h47x_48x_it.o ABSOLUTE
    ..\src\main.c                            0x00000000   Number         0  main.o ABSOLUTE
    ..\src\n32h47x_48x_it.c                  0x00000000   Number         0  n32h47x_48x_it.o ABSOLUTE
    cdrcmple.s                               0x00000000   Number         0  cdrcmple.o ABSOLUTE
    dc.s                                     0x00000000   Number         0  dc.o ABSOLUTE
    handlers.s                               0x00000000   Number         0  handlers.o ABSOLUTE
    init.s                                   0x00000000   Number         0  init.o ABSOLUTE
    RESET                                    0x08000000   Section      536  startup_n32h487.o(RESET)
    .ARM.Collect$$$$00000000                 0x08000218   Section        0  entry.o(.ARM.Collect$$$$00000000)
    .ARM.Collect$$$$00000001                 0x08000218   Section        4  entry2.o(.ARM.Collect$$$$00000001)
    .ARM.Collect$$$$00000004                 0x0800021c   Section        4  entry5.o(.ARM.Collect$$$$00000004)
    .ARM.Collect$$$$00000008                 0x08000220   Section        0  entry7b.o(.ARM.Collect$$$$00000008)
    .ARM.Collect$$$$0000000A                 0x08000220   Section        0  entry8b.o(.ARM.Collect$$$$0000000A)
    .ARM.Collect$$$$0000000B                 0x08000220   Section        8  entry9a.o(.ARM.Collect$$$$0000000B)
    .ARM.Collect$$$$0000000E                 0x08000228   Section        4  entry12b.o(.ARM.Collect$$$$0000000E)
    .ARM.Collect$$$$0000000F                 0x0800022c   Section        0  entry10a.o(.ARM.Collect$$$$0000000F)
    .ARM.Collect$$$$00000011                 0x0800022c   Section        0  entry11a.o(.ARM.Collect$$$$00000011)
    .ARM.Collect$$$$00002712                 0x0800022c   Section        4  entry2.o(.ARM.Collect$$$$00002712)
    __lit__00000000                          0x0800022c   Data           4  entry2.o(.ARM.Collect$$$$00002712)
    .text                                    0x08000230   Section       36  startup_n32h487.o(.text)
    $v0                                      0x08000230   Number         0  startup_n32h487.o(.text)
    .text                                    0x08000254   Section       36  init.o(.text)
    i.BusFault_Handler                       0x08000278   Section        0  n32h47x_48x_it.o(i.BusFault_Handler)
    i.DebugMon_Handler                       0x0800027c   Section        0  n32h47x_48x_it.o(i.DebugMon_Handler)
    i.Delay                                  0x0800027e   Section        0  main.o(i.Delay)
    i.GPIO_ConfigPinRemap                    0x0800028c   Section        0  n32h47x_48x_gpio.o(i.GPIO_ConfigPinRemap)
    i.GPIO_InitPeripheral                    0x080002dc   Section        0  n32h47x_48x_gpio.o(i.GPIO_InitPeripheral)
    i.GPIO_ResetBits                         0x0800037c   Section        0  n32h47x_48x_gpio.o(i.GPIO_ResetBits)
    i.GPIO_SetBits                           0x08000380   Section        0  n32h47x_48x_gpio.o(i.GPIO_SetBits)
    i.GPIO_TogglePin                         0x08000384   Section        0  n32h47x_48x_gpio.o(i.GPIO_TogglePin)
    i.HardFault_Handler                      0x0800038c   Section        0  n32h47x_48x_it.o(i.HardFault_Handler)
    i.LED_Blink                              0x08000390   Section        0  main.o(i.LED_Blink)
    i.LED_Init                               0x080003a0   Section        0  main.o(i.LED_Init)
    i.LED_Off                                0x080003d2   Section        0  main.o(i.LED_Off)
    i.LED_On                                 0x080003e2   Section        0  main.o(i.LED_On)
    i.MemManage_Handler                      0x080003f2   Section        0  n32h47x_48x_it.o(i.MemManage_Handler)
    i.NMI_Handler                            0x080003f6   Section        0  n32h47x_48x_it.o(i.NMI_Handler)
    i.RCC_EnableAHB1PeriphClk                0x080003f8   Section        0  n32h47x_48x_rcc.o(i.RCC_EnableAHB1PeriphClk)
    i.RCC_EnableAPB2PeriphClk                0x08000418   Section        0  n32h47x_48x_rcc.o(i.RCC_EnableAPB2PeriphClk)
    i.SVC_Handler                            0x08000438   Section        0  n32h47x_48x_it.o(i.SVC_Handler)
    i.SetStartupVolt                         0x0800043c   Section        0  system_n32h47x_48x.o(i.SetStartupVolt)
    SetStartupVolt                           0x0800043d   Thumb Code   138  system_n32h47x_48x.o(i.SetStartupVolt)
    i.SetSysClock                            0x080004d8   Section        0  system_n32h47x_48x.o(i.SetSysClock)
    SetSysClock                              0x080004d9   Thumb Code   162  system_n32h47x_48x.o(i.SetSysClock)
    i.SysTick_Handler                        0x08000588   Section        0  n32h47x_48x_it.o(i.SysTick_Handler)
    i.SystemInit                             0x0800058c   Section        0  system_n32h47x_48x.o(i.SystemInit)
    i.UsageFault_Handler                     0x08000618   Section        0  n32h47x_48x_it.o(i.UsageFault_Handler)
    i.__scatterload_copy                     0x0800061c   Section       14  handlers.o(i.__scatterload_copy)
    i.__scatterload_null                     0x0800062a   Section        2  handlers.o(i.__scatterload_null)
    i.__scatterload_zeroinit                 0x0800062c   Section       14  handlers.o(i.__scatterload_zeroinit)
    i.main                                   0x0800063c   Section        0  main.o(i.main)
    .data                                    0x20000000   Section        4  system_n32h47x_48x.o(.data)
    STACK                                    0x20000008   Section     4096  startup_n32h487.o(STACK)

    Global Symbols

    Symbol Name                              Value     Ov Type        Size  Object(Section)

    BuildAttributes$$THM_ISAv4$E$P$D$K$B$S$7EM$VFPi3$EXTD16$VFPS$VFMA$PE$A:L22UL41UL21$X:L11$S22US41US21$IEEE1$IW$USESV6$~STKCKD$USESV7$~SHL$OTIME$ROPI$IEEEJ$EBA8$MICROLIB$REQ8$PRES8$EABIv2 0x00000000   Number         0  anon$$obj.o ABSOLUTE
    __ARM_use_no_argv                        0x00000000   Number         0  main.o ABSOLUTE
    __arm_fini_                               - Undefined Weak Reference
    __cpp_initialize__aeabi_                  - Undefined Weak Reference
    __cxa_finalize                            - Undefined Weak Reference
    __decompress                              - Undefined Weak Reference
    _clock_init                               - Undefined Weak Reference
    _microlib_exit                            - Undefined Weak Reference
    __Vectors_Size                           0x00000218   Number         0  startup_n32h487.o ABSOLUTE
    __Vectors                                0x08000000   Data           4  startup_n32h487.o(RESET)
    __Vectors_End                            0x08000218   Data           0  startup_n32h487.o(RESET)
    __main                                   0x08000219   Thumb Code     0  entry.o(.ARM.Collect$$$$00000000)
    _main_stk                                0x08000219   Thumb Code     0  entry2.o(.ARM.Collect$$$$00000001)
    _main_scatterload                        0x0800021d   Thumb Code     0  entry5.o(.ARM.Collect$$$$00000004)
    __main_after_scatterload                 0x08000221   Thumb Code     0  entry5.o(.ARM.Collect$$$$00000004)
    _main_clock                              0x08000221   Thumb Code     0  entry7b.o(.ARM.Collect$$$$00000008)
    _main_cpp_init                           0x08000221   Thumb Code     0  entry8b.o(.ARM.Collect$$$$0000000A)
    _main_init                               0x08000221   Thumb Code     0  entry9a.o(.ARM.Collect$$$$0000000B)
    __rt_lib_shutdown_fini                   0x08000229   Thumb Code     0  entry12b.o(.ARM.Collect$$$$0000000E)
    __rt_final_cpp                           0x0800022d   Thumb Code     0  entry10a.o(.ARM.Collect$$$$0000000F)
    __rt_final_exit                          0x0800022d   Thumb Code     0  entry11a.o(.ARM.Collect$$$$00000011)
    Reset_Handler                            0x08000231   Thumb Code     8  startup_n32h487.o(.text)
    PendSV_Handler                           0x08000247   Thumb Code     2  startup_n32h487.o(.text)
    ADC1_2_IRQHandler                        0x0800024b   Thumb Code     0  startup_n32h487.o(.text)
    ADC3_ADC4_IRQHandler                     0x0800024b   Thumb Code     0  startup_n32h487.o(.text)
    ATIM1_BRK_IRQHandler                     0x0800024b   Thumb Code     0  startup_n32h487.o(.text)
    ATIM1_CC_IRQHandler                      0x0800024b   Thumb Code     0  startup_n32h487.o(.text)
    ATIM1_TRG_COM_IRQHandler                 0x0800024b   Thumb Code     0  startup_n32h487.o(.text)
    ATIM1_UP_IRQHandler                      0x0800024b   Thumb Code     0  startup_n32h487.o(.text)
    ATIM2_BRK_IRQHandler                     0x0800024b   Thumb Code     0  startup_n32h487.o(.text)
    ATIM2_CC_IRQHandler                      0x0800024b   Thumb Code     0  startup_n32h487.o(.text)
    ATIM2_TRG_COM_IRQHandler                 0x0800024b   Thumb Code     0  startup_n32h487.o(.text)
    ATIM2_UP_IRQHandler                      0x0800024b   Thumb Code     0  startup_n32h487.o(.text)
    ATIM3_BRK_IRQHandler                     0x0800024b   Thumb Code     0  startup_n32h487.o(.text)
    ATIM3_CC_IRQHandler                      0x0800024b   Thumb Code     0  startup_n32h487.o(.text)
    ATIM3_TRG_COM_IRQHandler                 0x0800024b   Thumb Code     0  startup_n32h487.o(.text)
    ATIM3_UP_IRQHandler                      0x0800024b   Thumb Code     0  startup_n32h487.o(.text)
    BTIM1_IRQHandler                         0x0800024b   Thumb Code     0  startup_n32h487.o(.text)
    BTIM2_IRQHandler                         0x0800024b   Thumb Code     0  startup_n32h487.o(.text)
    Cordic_IRQ_IRQHandler                    0x0800024b   Thumb Code     0  startup_n32h487.o(.text)
    DAC1_2_3_4_Underflow_IRQHandler          0x0800024b   Thumb Code     0  startup_n32h487.o(.text)
    DAC5_6_7_8_Underflow_IRQHandler          0x0800024b   Thumb Code     0  startup_n32h487.o(.text)
    DMA1_Channel1_IRQHandler                 0x0800024b   Thumb Code     0  startup_n32h487.o(.text)
    DMA1_Channel2_IRQHandler                 0x0800024b   Thumb Code     0  startup_n32h487.o(.text)
    DMA1_Channel3_IRQHandler                 0x0800024b   Thumb Code     0  startup_n32h487.o(.text)
    DMA1_Channel4_IRQHandler                 0x0800024b   Thumb Code     0  startup_n32h487.o(.text)
    DMA1_Channel5_IRQHandler                 0x0800024b   Thumb Code     0  startup_n32h487.o(.text)
    DMA1_Channel6_IRQHandler                 0x0800024b   Thumb Code     0  startup_n32h487.o(.text)
    DMA1_Channel7_IRQHandler                 0x0800024b   Thumb Code     0  startup_n32h487.o(.text)
    DMA1_Channel8_IRQHandler                 0x0800024b   Thumb Code     0  startup_n32h487.o(.text)
    DMA2_Channel1_IRQHandler                 0x0800024b   Thumb Code     0  startup_n32h487.o(.text)
    DMA2_Channel2_IRQHandler                 0x0800024b   Thumb Code     0  startup_n32h487.o(.text)
    DMA2_Channel3_IRQHandler                 0x0800024b   Thumb Code     0  startup_n32h487.o(.text)
    DMA2_Channel4_IRQHandler                 0x0800024b   Thumb Code     0  startup_n32h487.o(.text)
    DMA2_Channel5_IRQHandler                 0x0800024b   Thumb Code     0  startup_n32h487.o(.text)
    DMA2_Channel6_IRQHandler                 0x0800024b   Thumb Code     0  startup_n32h487.o(.text)
    DMA2_Channel7_IRQHandler                 0x0800024b   Thumb Code     0  startup_n32h487.o(.text)
    DMA2_Channel8_IRQHandler                 0x0800024b   Thumb Code     0  startup_n32h487.o(.text)
    DVP_IRQHandler                           0x0800024b   Thumb Code     0  startup_n32h487.o(.text)
    ETH_IRQHandler                           0x0800024b   Thumb Code     0  startup_n32h487.o(.text)
    ETH_WKUP_IRQHandler                      0x0800024b   Thumb Code     0  startup_n32h487.o(.text)
    EXTI0_IRQHandler                         0x0800024b   Thumb Code     0  startup_n32h487.o(.text)
    EXTI15_10_IRQHandler                     0x0800024b   Thumb Code     0  startup_n32h487.o(.text)
    EXTI1_IRQHandler                         0x0800024b   Thumb Code     0  startup_n32h487.o(.text)
    EXTI2_IRQHandler                         0x0800024b   Thumb Code     0  startup_n32h487.o(.text)
    EXTI3_IRQHandler                         0x0800024b   Thumb Code     0  startup_n32h487.o(.text)
    EXTI4_IRQHandler                         0x0800024b   Thumb Code     0  startup_n32h487.o(.text)
    EXTI9_5_IRQHandler                       0x0800024b   Thumb Code     0  startup_n32h487.o(.text)
    FDCAN1_INT0_IRQHandler                   0x0800024b   Thumb Code     0  startup_n32h487.o(.text)
    FDCAN1_INT1_IRQHandler                   0x0800024b   Thumb Code     0  startup_n32h487.o(.text)
    FDCAN2_INT0_IRQHandler                   0x0800024b   Thumb Code     0  startup_n32h487.o(.text)
    FDCAN2_INT1_IRQHandler                   0x0800024b   Thumb Code     0  startup_n32h487.o(.text)
    FDCAN3_INT0_IRQHandler                   0x0800024b   Thumb Code     0  startup_n32h487.o(.text)
    FDCAN3_INT1_IRQHandler                   0x0800024b   Thumb Code     0  startup_n32h487.o(.text)
    FEMC_IRQHandler                          0x0800024b   Thumb Code     0  startup_n32h487.o(.text)
    FLASH_IRQHandler                         0x0800024b   Thumb Code     0  startup_n32h487.o(.text)
    FMAC_IRQ_IRQHandler                      0x0800024b   Thumb Code     0  startup_n32h487.o(.text)
    GTIM10_IRQHandler                        0x0800024b   Thumb Code     0  startup_n32h487.o(.text)
    GTIM1_IRQHandler                         0x0800024b   Thumb Code     0  startup_n32h487.o(.text)
    GTIM2_IRQHandler                         0x0800024b   Thumb Code     0  startup_n32h487.o(.text)
    GTIM3_IRQHandler                         0x0800024b   Thumb Code     0  startup_n32h487.o(.text)
    GTIM4_IRQHandler                         0x0800024b   Thumb Code     0  startup_n32h487.o(.text)
    GTIM5_IRQHandler                         0x0800024b   Thumb Code     0  startup_n32h487.o(.text)
    GTIM6_IRQHandler                         0x0800024b   Thumb Code     0  startup_n32h487.o(.text)
    GTIM7_IRQHandler                         0x0800024b   Thumb Code     0  startup_n32h487.o(.text)
    GTIM8_IRQHandler                         0x0800024b   Thumb Code     0  startup_n32h487.o(.text)
    GTIM9_IRQHandler                         0x0800024b   Thumb Code     0  startup_n32h487.o(.text)
    I2C1_ER_IRQHandler                       0x0800024b   Thumb Code     0  startup_n32h487.o(.text)
    I2C1_EV_IRQHandler                       0x0800024b   Thumb Code     0  startup_n32h487.o(.text)
    I2C2_ER_IRQHandler                       0x0800024b   Thumb Code     0  startup_n32h487.o(.text)
    I2C2_EV_IRQHandler                       0x0800024b   Thumb Code     0  startup_n32h487.o(.text)
    I2C3_ER_IRQHandler                       0x0800024b   Thumb Code     0  startup_n32h487.o(.text)
    I2C3_EV_IRQHandler                       0x0800024b   Thumb Code     0  startup_n32h487.o(.text)
    I2C4_ER_IRQHandler                       0x0800024b   Thumb Code     0  startup_n32h487.o(.text)
    I2C4_EV_IRQHandler                       0x0800024b   Thumb Code     0  startup_n32h487.o(.text)
    LPTIM1_WKUP_IRQHandler                   0x0800024b   Thumb Code     0  startup_n32h487.o(.text)
    LPTIM2_WKUP_IRQHandler                   0x0800024b   Thumb Code     0  startup_n32h487.o(.text)
    PVD_IRQHandler                           0x0800024b   Thumb Code     0  startup_n32h487.o(.text)
    RCC_IRQHandler                           0x0800024b   Thumb Code     0  startup_n32h487.o(.text)
    RTCAlarm_IRQHandler                      0x0800024b   Thumb Code     0  startup_n32h487.o(.text)
    RTC_TAMPER_IRQHandler                    0x0800024b   Thumb Code     0  startup_n32h487.o(.text)
    RTC_WKUP_IRQHandler                      0x0800024b   Thumb Code     0  startup_n32h487.o(.text)
    SAC_IRQHandler                           0x0800024b   Thumb Code     0  startup_n32h487.o(.text)
    SDIO_IRQHandler                          0x0800024b   Thumb Code     0  startup_n32h487.o(.text)
    SMPU_IRQHandler                          0x0800024b   Thumb Code     0  startup_n32h487.o(.text)
    SPI1_IRQHandler                          0x0800024b   Thumb Code     0  startup_n32h487.o(.text)
    SPI2_I2S2_IRQHandler                     0x0800024b   Thumb Code     0  startup_n32h487.o(.text)
    SPI3_I2S3_IRQHandler                     0x0800024b   Thumb Code     0  startup_n32h487.o(.text)
    SPI4_IRQHandler                          0x0800024b   Thumb Code     0  startup_n32h487.o(.text)
    SPI5_IRQHandler                          0x0800024b   Thumb Code     0  startup_n32h487.o(.text)
    SPI6_IRQHandler                          0x0800024b   Thumb Code     0  startup_n32h487.o(.text)
    SRAM_ERR_IRQHandler                      0x0800024b   Thumb Code     0  startup_n32h487.o(.text)
    UART5_IRQHandler                         0x0800024b   Thumb Code     0  startup_n32h487.o(.text)
    UART6_IRQHandler                         0x0800024b   Thumb Code     0  startup_n32h487.o(.text)
    UART7_IRQHandler                         0x0800024b   Thumb Code     0  startup_n32h487.o(.text)
    UART8_IRQHandler                         0x0800024b   Thumb Code     0  startup_n32h487.o(.text)
    UCDR_IRQHandler                          0x0800024b   Thumb Code     0  startup_n32h487.o(.text)
    USART1_IRQHandler                        0x0800024b   Thumb Code     0  startup_n32h487.o(.text)
    USART2_IRQHandler                        0x0800024b   Thumb Code     0  startup_n32h487.o(.text)
    USART3_IRQHandler                        0x0800024b   Thumb Code     0  startup_n32h487.o(.text)
    USART4_IRQHandler                        0x0800024b   Thumb Code     0  startup_n32h487.o(.text)
    USB_FS_HP_IRQHandler                     0x0800024b   Thumb Code     0  startup_n32h487.o(.text)
    USB_FS_LP_IRQHandler                     0x0800024b   Thumb Code     0  startup_n32h487.o(.text)
    USB_FS_WKUP_IRQHandler                   0x0800024b   Thumb Code     0  startup_n32h487.o(.text)
    USB_HS_EPx_IN_IRQHandler                 0x0800024b   Thumb Code     0  startup_n32h487.o(.text)
    USB_HS_EPx_OUT_IRQHandler                0x0800024b   Thumb Code     0  startup_n32h487.o(.text)
    USB_HS_IRQHandler                        0x0800024b   Thumb Code     0  startup_n32h487.o(.text)
    USB_HS_WKUP_IRQHandler                   0x0800024b   Thumb Code     0  startup_n32h487.o(.text)
    WWDG_IRQHandler                          0x0800024b   Thumb Code     0  startup_n32h487.o(.text)
    XSPI_IRQHandler                          0x0800024b   Thumb Code     0  startup_n32h487.o(.text)
    __scatterload                            0x08000255   Thumb Code    28  init.o(.text)
    __scatterload_rt2                        0x08000255   Thumb Code     0  init.o(.text)
    BusFault_Handler                         0x08000279   Thumb Code     4  n32h47x_48x_it.o(i.BusFault_Handler)
    DebugMon_Handler                         0x0800027d   Thumb Code     2  n32h47x_48x_it.o(i.DebugMon_Handler)
    Delay                                    0x0800027f   Thumb Code    12  main.o(i.Delay)
    GPIO_ConfigPinRemap                      0x0800028d   Thumb Code    70  n32h47x_48x_gpio.o(i.GPIO_ConfigPinRemap)
    GPIO_InitPeripheral                      0x080002dd   Thumb Code   160  n32h47x_48x_gpio.o(i.GPIO_InitPeripheral)
    GPIO_ResetBits                           0x0800037d   Thumb Code     4  n32h47x_48x_gpio.o(i.GPIO_ResetBits)
    GPIO_SetBits                             0x08000381   Thumb Code     4  n32h47x_48x_gpio.o(i.GPIO_SetBits)
    GPIO_TogglePin                           0x08000385   Thumb Code     8  n32h47x_48x_gpio.o(i.GPIO_TogglePin)
    HardFault_Handler                        0x0800038d   Thumb Code     4  n32h47x_48x_it.o(i.HardFault_Handler)
    LED_Blink                                0x08000391   Thumb Code    16  main.o(i.LED_Blink)
    LED_Init                                 0x080003a1   Thumb Code    50  main.o(i.LED_Init)
    LED_Off                                  0x080003d3   Thumb Code    16  main.o(i.LED_Off)
    LED_On                                   0x080003e3   Thumb Code    16  main.o(i.LED_On)
    MemManage_Handler                        0x080003f3   Thumb Code     4  n32h47x_48x_it.o(i.MemManage_Handler)
    NMI_Handler                              0x080003f7   Thumb Code     2  n32h47x_48x_it.o(i.NMI_Handler)
    RCC_EnableAHB1PeriphClk                  0x080003f9   Thumb Code    26  n32h47x_48x_rcc.o(i.RCC_EnableAHB1PeriphClk)
    RCC_EnableAPB2PeriphClk                  0x08000419   Thumb Code    26  n32h47x_48x_rcc.o(i.RCC_EnableAPB2PeriphClk)
    SVC_Handler                              0x08000439   Thumb Code     2  n32h47x_48x_it.o(i.SVC_Handler)
    SysTick_Handler                          0x08000589   Thumb Code     2  n32h47x_48x_it.o(i.SysTick_Handler)
    SystemInit                               0x0800058d   Thumb Code   120  system_n32h47x_48x.o(i.SystemInit)
    UsageFault_Handler                       0x08000619   Thumb Code     4  n32h47x_48x_it.o(i.UsageFault_Handler)
    __scatterload_copy                       0x0800061d   Thumb Code    14  handlers.o(i.__scatterload_copy)
    __scatterload_null                       0x0800062b   Thumb Code     2  handlers.o(i.__scatterload_null)
    __scatterload_zeroinit                   0x0800062d   Thumb Code    14  handlers.o(i.__scatterload_zeroinit)
    main                                     0x0800063d   Thumb Code   208  main.o(i.main)
    Region$$Table$$Base                      0x08000718   Number         0  anon$$obj.o(Region$$Table)
    Region$$Table$$Limit                     0x08000738   Number         0  anon$$obj.o(Region$$Table)
    SystemCoreClock                          0x20000000   Data           4  system_n32h47x_48x.o(.data)
    __initial_sp                             0x20001008   Data           0  startup_n32h487.o(STACK)



==============================================================================

Memory Map of the image

  Image Entry point : 0x08000219

  Load Region LR_IROM1 (Base: 0x08000000, Size: 0x0000073c, Max: 0x00080000, ABSOLUTE)

    Execution Region ER_IROM1 (Exec base: 0x08000000, Load base: 0x08000000, Size: 0x00000738, Max: 0x00080000, ABSOLUTE)

    Exec Addr    Load Addr    Size         Type   Attr      Idx    E Section Name        Object

    0x08000000   0x08000000   0x00000218   Data   RO            3    RESET               startup_n32h487.o
    0x08000218   0x08000218   0x00000000   Code   RO          976  * .ARM.Collect$$$$00000000  mc_w.l(entry.o)
    0x08000218   0x08000218   0x00000004   Code   RO          987    .ARM.Collect$$$$00000001  mc_w.l(entry2.o)
    0x0800021c   0x0800021c   0x00000004   Code   RO          990    .ARM.Collect$$$$00000004  mc_w.l(entry5.o)
    0x08000220   0x08000220   0x00000000   Code   RO          992    .ARM.Collect$$$$00000008  mc_w.l(entry7b.o)
    0x08000220   0x08000220   0x00000000   Code   RO          994    .ARM.Collect$$$$0000000A  mc_w.l(entry8b.o)
    0x08000220   0x08000220   0x00000008   Code   RO          995    .ARM.Collect$$$$0000000B  mc_w.l(entry9a.o)
    0x08000228   0x08000228   0x00000004   Code   RO         1002    .ARM.Collect$$$$0000000E  mc_w.l(entry12b.o)
    0x0800022c   0x0800022c   0x00000000   Code   RO          997    .ARM.Collect$$$$0000000F  mc_w.l(entry10a.o)
    0x0800022c   0x0800022c   0x00000000   Code   RO          999    .ARM.Collect$$$$00000011  mc_w.l(entry11a.o)
    0x0800022c   0x0800022c   0x00000004   Code   RO          988    .ARM.Collect$$$$00002712  mc_w.l(entry2.o)
    0x08000230   0x08000230   0x00000024   Code   RO            4    .text               startup_n32h487.o
    0x08000254   0x08000254   0x00000024   Code   RO         1014    .text               mc_w.l(init.o)
    0x08000278   0x08000278   0x00000004   Code   RO          904    i.BusFault_Handler  n32h47x_48x_it.o
    0x0800027c   0x0800027c   0x00000002   Code   RO          905    i.DebugMon_Handler  n32h47x_48x_it.o
    0x0800027e   0x0800027e   0x0000000c   Code   RO          847    i.Delay             main.o
    0x0800028a   0x0800028a   0x00000002   PAD
    0x0800028c   0x0800028c   0x00000050   Code   RO          109    i.GPIO_ConfigPinRemap  n32h47x_48x_gpio.o
    0x080002dc   0x080002dc   0x000000a0   Code   RO          112    i.GPIO_InitPeripheral  n32h47x_48x_gpio.o
    0x0800037c   0x0800037c   0x00000004   Code   RO          118    i.GPIO_ResetBits    n32h47x_48x_gpio.o
    0x08000380   0x08000380   0x00000004   Code   RO          119    i.GPIO_SetBits      n32h47x_48x_gpio.o
    0x08000384   0x08000384   0x00000008   Code   RO          120    i.GPIO_TogglePin    n32h47x_48x_gpio.o
    0x0800038c   0x0800038c   0x00000004   Code   RO          906    i.HardFault_Handler  n32h47x_48x_it.o
    0x08000390   0x08000390   0x00000010   Code   RO          848    i.LED_Blink         main.o
    0x080003a0   0x080003a0   0x00000032   Code   RO          849    i.LED_Init          main.o
    0x080003d2   0x080003d2   0x00000010   Code   RO          850    i.LED_Off           main.o
    0x080003e2   0x080003e2   0x00000010   Code   RO          851    i.LED_On            main.o
    0x080003f2   0x080003f2   0x00000004   Code   RO          907    i.MemManage_Handler  n32h47x_48x_it.o
    0x080003f6   0x080003f6   0x00000002   Code   RO          908    i.NMI_Handler       n32h47x_48x_it.o
    0x080003f8   0x080003f8   0x00000020   Code   RO          377    i.RCC_EnableAHB1PeriphClk  n32h47x_48x_rcc.o
    0x08000418   0x08000418   0x00000020   Code   RO          382    i.RCC_EnableAPB2PeriphClk  n32h47x_48x_rcc.o
    0x08000438   0x08000438   0x00000002   Code   RO          909    i.SVC_Handler       n32h47x_48x_it.o
    0x0800043a   0x0800043a   0x00000002   PAD
    0x0800043c   0x0800043c   0x0000009c   Code   RO           13    i.SetStartupVolt    system_n32h47x_48x.o
    0x080004d8   0x080004d8   0x000000b0   Code   RO           14    i.SetSysClock       system_n32h47x_48x.o
    0x08000588   0x08000588   0x00000002   Code   RO          910    i.SysTick_Handler   n32h47x_48x_it.o
    0x0800058a   0x0800058a   0x00000002   PAD
    0x0800058c   0x0800058c   0x0000008c   Code   RO           16    i.SystemInit        system_n32h47x_48x.o
    0x08000618   0x08000618   0x00000004   Code   RO          911    i.UsageFault_Handler  n32h47x_48x_it.o
    0x0800061c   0x0800061c   0x0000000e   Code   RO         1020    i.__scatterload_copy  mc_w.l(handlers.o)
    0x0800062a   0x0800062a   0x00000002   Code   RO         1021    i.__scatterload_null  mc_w.l(handlers.o)
    0x0800062c   0x0800062c   0x0000000e   Code   RO         1022    i.__scatterload_zeroinit  mc_w.l(handlers.o)
    0x0800063a   0x0800063a   0x00000002   PAD
    0x0800063c   0x0800063c   0x000000dc   Code   RO          852    i.main              main.o
    0x08000718   0x08000718   0x00000020   Data   RO         1018    Region$$Table       anon$$obj.o


    Execution Region RW_IRAM1 (Exec base: 0x20000000, Load base: 0x08000738, Size: 0x00001008, Max: 0x00031000, ABSOLUTE)

    Exec Addr    Load Addr    Size         Type   Attr      Idx    E Section Name        Object

    0x20000000   0x08000738   0x00000004   Data   RW           17    .data               system_n32h47x_48x.o
    0x20000004   0x0800073c   0x00000004   PAD
    0x20000008        -       0x00001000   Zero   RW            1    STACK               startup_n32h487.o


==============================================================================

Image component sizes


      Code (inc. data)   RO Data    RW Data    ZI Data      Debug   Object Name

       330         12          0          0          0       4313   main.o
       256         10          0          0          0      14417   n32h47x_48x_gpio.o
        24          0          0          0          0       4313   n32h47x_48x_it.o
        64         12          0          0          0       1504   n32h47x_48x_rcc.o
        36          8        536          0       4096       1008   startup_n32h487.o
       472         52          0          4          0     543887   system_n32h47x_48x.o

    ----------------------------------------------------------------------
      1188         94        568          4       4100     569442   Object Totals
         0          0         32          0          0          0   (incl. Generated)
         6          0          0          0          4          0   (incl. Padding)

    ----------------------------------------------------------------------

      Code (inc. data)   RO Data    RW Data    ZI Data      Debug   Library Member Name

         0          0          0          0          0          0   entry.o
         0          0          0          0          0          0   entry10a.o
         0          0          0          0          0          0   entry11a.o
         4          0          0          0          0          0   entry12b.o
         8          4          0          0          0          0   entry2.o
         4          0          0          0          0          0   entry5.o
         0          0          0          0          0          0   entry7b.o
         0          0          0          0          0          0   entry8b.o
         8          4          0          0          0          0   entry9a.o
        30          0          0          0          0          0   handlers.o
        36          8          0          0          0         68   init.o

    ----------------------------------------------------------------------
        92         16          0          0          0         68   Library Totals
         2          0          0          0          0          0   (incl. Padding)

    ----------------------------------------------------------------------

      Code (inc. data)   RO Data    RW Data    ZI Data      Debug   Library Name

        90         16          0          0          0         68   mc_w.l

    ----------------------------------------------------------------------
        92         16          0          0          0         68   Library Totals

    ----------------------------------------------------------------------

==============================================================================


      Code (inc. data)   RO Data    RW Data    ZI Data      Debug   

      1280        110        568          4       4100     567814   Grand Totals
      1280        110        568          4       4100     567814   ELF Image Totals
      1280        110        568          4          0          0   ROM Totals

==============================================================================

    Total RO  Size (Code + RO Data)                 1848 (   1.80kB)
    Total RW  Size (RW Data + ZI Data)              4104 (   4.01kB)
    Total ROM Size (Code + RO Data + RW Data)       1852 (   1.81kB)

==============================================================================

